Copyright 1986-2022 Xilinx, Inc. All Rights Reserved. Copyright 2022-2025 Advanced Micro Devices, Inc. All Rights Reserved.
---------------------------------------------------------------------------------------------------------------------------------------------
| Tool Version : Vivado v.2025.2 (win64) Build 6299465 Fri Nov 14 19:35:11 GMT 2025
| Date         : Tue Aug 18 17:38:49 2026
| Host         : JohnsComputer running 64-bit major release  (build 9200)
| Command      : report_timing_summary -file C:/Users/johnc/Downloads/Anvil-Pro/Synthesis/Reports/artix7_timing_summary.rpt
| Design       : SynthTop
| Device       : 7a100t-csg324
| Speed File   : -1  PRODUCTION 1.23 2018-06-13
| Design State : Synthesized
---------------------------------------------------------------------------------------------------------------------------------------------

Timing Summary Report

------------------------------------------------------------------------------------------------
| Timer Settings
| --------------
------------------------------------------------------------------------------------------------

  Enable Multi Corner Analysis               :  Yes
  Enable Pessimism Removal                   :  Yes
  Pessimism Removal Resolution               :  Nearest Common Node
  Enable Input Delay Default Clock           :  No
  Enable Preset / Clear Arcs                 :  No
  Disable Flight Delays                      :  No
  Ignore I/O Paths                           :  No
  Timing Early Launch at Borrowing Latches   :  No
  Borrow Time for Max Delay Exceptions       :  Yes
  Merge Timing Exceptions                    :  Yes
  Inter-SLR Compensation                     :  Conservative

  Corner  Analyze    Analyze    
  Name    Max Paths  Min Paths  
  ------  ---------  ---------  
  Slow    Yes        Yes        
  Fast    Yes        Yes        


------------------------------------------------------------------------------------------------
| Report Methodology
| ------------------
------------------------------------------------------------------------------------------------

No report available as report_methodology has not been run prior. Run report_methodology on the current design for the summary of methodology violations.



check_timing report

Table of Contents
-----------------
1. checking no_clock (0)
2. checking constant_clock (0)
3. checking pulse_width_clock (0)
4. checking unconstrained_internal_endpoints (0)
5. checking no_input_delay (34)
6. checking no_output_delay (71)
7. checking multiple_clock (0)
8. checking generated_clocks (0)
9. checking loops (0)
10. checking partial_input_delay (0)
11. checking partial_output_delay (0)
12. checking latch_loops (0)

1. checking no_clock (0)
------------------------
 There are 0 register/latch pins with no clock.


2. checking constant_clock (0)
------------------------------
 There are 0 register/latch pins with constant_clock.


3. checking pulse_width_clock (0)
---------------------------------
 There are 0 register/latch pins which need pulse_width check


4. checking unconstrained_internal_endpoints (0)
------------------------------------------------
 There are 0 pins that are not constrained for maximum delay.

 There are 0 pins that are not constrained for maximum delay due to constant clock.


5. checking no_input_delay (34)
-------------------------------
 There are 34 input ports with no input delay specified. (HIGH)

 There are 0 input ports with no input delay but user has a false path constraint.


6. checking no_output_delay (71)
--------------------------------
 There are 71 ports with no output delay specified. (HIGH)

 There are 0 ports with no output delay but user has a false path constraint

 There are 0 ports with no output delay but with a timing clock defined on it or propagating through it


7. checking multiple_clock (0)
------------------------------
 There are 0 register/latch pins with multiple clocks.


8. checking generated_clocks (0)
--------------------------------
 There are 0 generated clocks that are not connected to a clock source.


9. checking loops (0)
---------------------
 There are 0 combinational loops in the design.


10. checking partial_input_delay (0)
------------------------------------
 There are 0 input ports with partial input delay specified.


11. checking partial_output_delay (0)
-------------------------------------
 There are 0 ports with partial output delay specified.


12. checking latch_loops (0)
----------------------------
 There are 0 combinational latch loops in the design through latch input



------------------------------------------------------------------------------------------------
| Design Timing Summary
| ---------------------
------------------------------------------------------------------------------------------------

    WNS(ns)      TNS(ns)  TNS Failing Endpoints  TNS Total Endpoints      WHS(ns)      THS(ns)  THS Failing Endpoints  THS Total Endpoints     WPWS(ns)     TPWS(ns)  TPWS Failing Endpoints  TPWS Total Endpoints  
    -------      -------  ---------------------  -------------------      -------      -------  ---------------------  -------------------     --------     --------  ----------------------  --------------------  
      1.297        0.000                      0                10240        0.137        0.000                      0                10240        6.166        0.000                       0                  5008  


All user specified timing constraints are met.


------------------------------------------------------------------------------------------------
| Clock Summary
| -------------
------------------------------------------------------------------------------------------------

Clock  Waveform(ns)       Period(ns)      Frequency(MHz)
-----  ------------       ----------      --------------
clock  {0.000 6.667}      13.333          75.002          


------------------------------------------------------------------------------------------------
| Intra Clock Table
| -----------------
------------------------------------------------------------------------------------------------

Clock             WNS(ns)      TNS(ns)  TNS Failing Endpoints  TNS Total Endpoints      WHS(ns)      THS(ns)  THS Failing Endpoints  THS Total Endpoints     WPWS(ns)     TPWS(ns)  TPWS Failing Endpoints  TPWS Total Endpoints  
-----             -------      -------  ---------------------  -------------------      -------      -------  ---------------------  -------------------     --------     --------  ----------------------  --------------------  
clock               1.297        0.000                      0                10240        0.137        0.000                      0                10240        6.166        0.000                       0                  5008  


------------------------------------------------------------------------------------------------
| Inter Clock Table
| -----------------
------------------------------------------------------------------------------------------------

From Clock    To Clock          WNS(ns)      TNS(ns)  TNS Failing Endpoints  TNS Total Endpoints      WHS(ns)      THS(ns)  THS Failing Endpoints  THS Total Endpoints  
----------    --------          -------      -------  ---------------------  -------------------      -------      -------  ---------------------  -------------------  


------------------------------------------------------------------------------------------------
| Other Path Groups Table
| -----------------------
------------------------------------------------------------------------------------------------

Path Group    From Clock    To Clock          WNS(ns)      TNS(ns)  TNS Failing Endpoints  TNS Total Endpoints      WHS(ns)      THS(ns)  THS Failing Endpoints  THS Total Endpoints  
----------    ----------    --------          -------      -------  ---------------------  -------------------      -------      -------  ---------------------  -------------------  


------------------------------------------------------------------------------------------------
| Timing Details
| --------------
------------------------------------------------------------------------------------------------


---------------------------------------------------------------------------------------------------
From Clock:  clock
  To Clock:  clock

Setup :            0  Failing Endpoints,  Worst Slack        1.297ns,  Total Violation        0.000ns
Hold  :            0  Failing Endpoints,  Worst Slack        0.137ns,  Total Violation        0.000ns
PW    :            0  Failing Endpoints,  Worst Slack        6.166ns,  Total Violation        0.000ns
---------------------------------------------------------------------------------------------------


Max Delay Paths
--------------------------------------------------------------------------------------
Slack (MET) :             1.297ns  (required time - arrival time)
  Source:                 operandSelect/exPayload1_reg[operand1][27]/C
                            (rising edge-triggered cell FDRE clocked by clock  {rise@0.000ns fall@6.667ns period=13.333ns})
  Destination:            exceptionForFrontend_reg/D
                            (rising edge-triggered cell FDRE clocked by clock  {rise@0.000ns fall@6.667ns period=13.333ns})
  Path Group:             clock
  Path Type:              Setup (Max at Slow Process Corner)
  Requirement:            13.333ns  (clock rise@13.333ns - clock rise@0.000ns)
  Data Path Delay:        11.900ns  (logic 3.293ns (27.672%)  route 8.607ns (72.328%))
  Logic Levels:           15  (CARRY4=2 LUT2=1 LUT3=2 LUT4=2 LUT5=1 LUT6=7)
  Clock Path Skew:        -0.145ns (DCD - SCD + CPR)
    Destination Clock Delay (DCD):    2.130ns = ( 15.463 - 13.333 ) 
    Source Clock Delay      (SCD):    2.454ns
    Clock Pessimism Removal (CPR):    0.179ns
  Clock Uncertainty:      0.035ns  ((TSJ^2 + TIJ^2)^1/2 + DJ) / 2 + PE
    Total System Jitter     (TSJ):    0.071ns
    Total Input Jitter      (TIJ):    0.000ns
    Discrete Jitter          (DJ):    0.000ns
    Phase Error              (PE):    0.000ns

    Location             Delay type                Incr(ns)  Path(ns)    Netlist Resource(s)
  -------------------------------------------------------------------    -------------------
                         (clock clock rise edge)      0.000     0.000 r  
                                                      0.000     0.000 r  clock (IN)
                         net (fo=0)                   0.000     0.000    clock
                         IBUF (Prop_ibuf_I_O)         0.971     0.971 r  clock_IBUF_inst/O
                         net (fo=1, unplaced)         0.803     1.774    clock_IBUF
                         BUFG (Prop_bufg_I_O)         0.096     1.870 r  clock_IBUF_BUFG_inst/O
                         net (fo=5007, unplaced)      0.584     2.454    operandSelect/clock_IBUF_BUFG
                         FDRE                                         r  operandSelect/exPayload1_reg[operand1][27]/C
  -------------------------------------------------------------------    -------------------
                         FDRE (Prop_fdre_C_Q)         0.478     2.932 r  operandSelect/exPayload1_reg[operand1][27]/Q
                         net (fo=24, unplaced)        1.029     3.961    operandSelect/exPayload1[operand1][27]
                         LUT6 (Prop_lut6_I0_O)        0.295     4.256 r  operandSelect/inputAddress[2]_i_21/O
                         net (fo=3, unplaced)         0.750     5.006    operandSelect/inputAddress[2]_i_21_n_0
                         LUT6 (Prop_lut6_I1_O)        0.124     5.130 r  operandSelect/inputAddress[1]_i_6/O
                         net (fo=2, unplaced)         0.743     5.873    operandSelect/inputAddress[1]_i_6_n_0
                         LUT5 (Prop_lut5_I0_O)        0.124     5.997 r  operandSelect/inputAddress[0]_i_4/O
                         net (fo=1, unplaced)         0.665     6.662    operandSelect/inputAddress[0]_i_4_n_0
                         LUT6 (Prop_lut6_I3_O)        0.124     6.786 r  operandSelect/inputAddress[0]_i_1/O
                         net (fo=9, unplaced)         0.490     7.276    operandSelect/executeInputAddress[0]
                         LUT3 (Prop_lut3_I0_O)        0.124     7.400 r  operandSelect/resultPayload1[trapType][3]_i_45/O
                         net (fo=1, unplaced)         0.000     7.400    operandSelect/resultPayload1[trapType][3]_i_45_n_0
                         CARRY4 (Prop_carry4_S[0]_CO[3])
                                                      0.513     7.913 r  operandSelect/resultPayload1_reg[trapType][3]_i_29/CO[3]
                         net (fo=1, unplaced)         0.000     7.913    operandSelect/resultPayload1_reg[trapType][3]_i_29_n_0
                         CARRY4 (Prop_carry4_CI_O[1])
                                                      0.337     8.250 f  operandSelect/resultPayload1_reg[trapType][3]_i_41/O[1]
                         net (fo=1, unplaced)         0.717     8.967    operandSelect/resultPayload1_reg[trapType][3]_i_41_n_6
                         LUT4 (Prop_lut4_I0_O)        0.306     9.273 f  operandSelect/resultPayload1[trapType][3]_i_28/O
                         net (fo=1, unplaced)         0.732    10.005    operandSelect/resultPayload1[trapType][3]_i_28_n_0
                         LUT6 (Prop_lut6_I0_O)        0.124    10.129 f  operandSelect/resultPayload1[trapType][3]_i_13/O
                         net (fo=1, unplaced)         0.941    11.070    operandSelect/resultPayload1[trapType][3]_i_13_n_0
                         LUT6 (Prop_lut6_I2_O)        0.124    11.194 f  operandSelect/resultPayload1[trapType][3]_i_7/O
                         net (fo=1, unplaced)         0.449    11.643    operandSelect/resultPayload1[trapType][3]_i_7_n_0
                         LUT4 (Prop_lut4_I1_O)        0.124    11.767 f  operandSelect/resultPayload1[trapType][3]_i_3/O
                         net (fo=5, unplaced)         0.477    12.244    operandSelect/execute/accessFault
                         LUT2 (Prop_lut2_I0_O)        0.124    12.368 r  operandSelect/memPayload[address][31]_i_3/O
                         net (fo=81, unplaced)        0.543    12.911    operandSelect/execute/memTrap1
                         LUT6 (Prop_lut6_I2_O)        0.124    13.035 f  operandSelect/redirect_i_2/O
                         net (fo=46, unplaced)        0.529    13.564    operandSelect/execute/upperIllegal
                         LUT6 (Prop_lut6_I1_O)        0.124    13.688 f  operandSelect/mispredict1_i_1/O
                         net (fo=77, unplaced)        0.542    14.230    operandSelect/executeMispredict1
                         LUT3 (Prop_lut3_I1_O)        0.124    14.354 r  operandSelect/exceptionForFrontend_i_1/O
                         net (fo=1, unplaced)         0.000    14.354    executeExceptionForFrontend
                         FDRE                                         r  exceptionForFrontend_reg/D
  -------------------------------------------------------------------    -------------------

                         (clock clock rise edge)     13.333    13.333 r  
                                                      0.000    13.333 r  clock (IN)
                         net (fo=0)                   0.000    13.333    clock
                         IBUF (Prop_ibuf_I_O)         0.838    14.171 r  clock_IBUF_inst/O
                         net (fo=1, unplaced)         0.763    14.933    clock_IBUF
                         BUFG (Prop_bufg_I_O)         0.091    15.024 r  clock_IBUF_BUFG_inst/O
                         net (fo=5007, unplaced)      0.439    15.463    clock_IBUF_BUFG
                         FDRE                                         r  exceptionForFrontend_reg/C
                         clock pessimism              0.179    15.642    
                         clock uncertainty           -0.035    15.607    
                         FDRE (Setup_fdre_C_D)        0.044    15.651    exceptionForFrontend_reg
  -------------------------------------------------------------------
                         required time                         15.651    
                         arrival time                         -14.354    
  -------------------------------------------------------------------
                         slack                                  1.297    





Min Delay Paths
--------------------------------------------------------------------------------------
Slack (MET) :             0.137ns  (arrival time - required time)
  Source:                 memPayload_reg[storeData][16]/C
                            (rising edge-triggered cell FDRE clocked by clock  {rise@0.000ns fall@6.667ns period=13.333ns})
  Destination:            memoryQueue/queueEntry_reg[7][storeData][24]/D
                            (rising edge-triggered cell FDRE clocked by clock  {rise@0.000ns fall@6.667ns period=13.333ns})
  Path Group:             clock
  Path Type:              Hold (Min at Fast Process Corner)
  Requirement:            0.000ns  (clock rise@0.000ns - clock rise@0.000ns)
  Data Path Delay:        0.381ns  (logic 0.245ns (64.350%)  route 0.136ns (35.650%))
  Logic Levels:           1  (LUT6=1)
  Clock Path Skew:        0.145ns (DCD - SCD - CPR)
    Destination Clock Delay (DCD):    1.033ns
    Source Clock Delay      (SCD):    0.679ns
    Clock Pessimism Removal (CPR):    0.210ns

    Location             Delay type                Incr(ns)  Path(ns)    Netlist Resource(s)
  -------------------------------------------------------------------    -------------------
                         (clock clock rise edge)      0.000     0.000 r  
                                                      0.000     0.000 r  clock (IN)
                         net (fo=0)                   0.000     0.000    clock
                         IBUF (Prop_ibuf_I_O)         0.200     0.200 r  clock_IBUF_inst/O
                         net (fo=1, unplaced)         0.338     0.539    clock_IBUF
                         BUFG (Prop_bufg_I_O)         0.026     0.565 r  clock_IBUF_BUFG_inst/O
                         net (fo=5007, unplaced)      0.114     0.679    clock_IBUF_BUFG
                         FDRE                                         r  memPayload_reg[storeData][16]/C
  -------------------------------------------------------------------    -------------------
                         FDRE (Prop_fdre_C_Q)         0.147     0.826 r  memPayload_reg[storeData][16]/Q
                         net (fo=2, unplaced)         0.136     0.961    memoryQueue/queueEntry_reg[7][storeData][31]_0[16]
                         LUT6 (Prop_lut6_I5_O)        0.098     1.059 r  memoryQueue/queueEntry[7][storeData][24]_i_1/O
                         net (fo=8, unplaced)         0.000     1.059    memoryQueue/alignedStoreData[24]
                         FDRE                                         r  memoryQueue/queueEntry_reg[7][storeData][24]/D
  -------------------------------------------------------------------    -------------------

                         (clock clock rise edge)      0.000     0.000 r  
                                                      0.000     0.000 r  clock (IN)
                         net (fo=0)                   0.000     0.000    clock
                         IBUF (Prop_ibuf_I_O)         0.389     0.389 r  clock_IBUF_inst/O
                         net (fo=1, unplaced)         0.356     0.745    clock_IBUF
                         BUFG (Prop_bufg_I_O)         0.029     0.774 r  clock_IBUF_BUFG_inst/O
                         net (fo=5007, unplaced)      0.259     1.033    memoryQueue/clock_IBUF_BUFG
                         FDRE                                         r  memoryQueue/queueEntry_reg[7][storeData][24]/C
                         clock pessimism             -0.210     0.824    
                         FDRE (Hold_fdre_C_D)         0.099     0.923    memoryQueue/queueEntry_reg[7][storeData][24]
  -------------------------------------------------------------------
                         required time                         -0.923    
                         arrival time                           1.059    
  -------------------------------------------------------------------
                         slack                                  0.137    





Pulse Width Checks
--------------------------------------------------------------------------------------
Clock Name:         clock
Waveform(ns):       { 0.000 6.667 }
Period(ns):         13.333
Sources:            { clock }

Check Type        Corner  Lib Pin             Reference Pin  Required(ns)  Actual(ns)  Slack(ns)  Location  Pin
Min Period        n/a     RAMB36E1/CLKARDCLK  n/a            2.576         13.333      10.757               synthTinyIMEM/readDataA_reg_0/CLKARDCLK
Low Pulse Width   Slow    FDRE/C              n/a            0.500         6.666       6.166                exMemory_reg/C
High Pulse Width  Slow    FDRE/C              n/a            0.500         6.667       6.167                exMemory_reg/C



